--------------------------------------------------------------------------------
Release 14.7 Trace  (nt64)
Copyright (c) 1995-2013 Xilinx, Inc.  All rights reserved.

C:\Xilinx\14.7\ISE_DS\ISE\bin\nt64\unwrapped\trce.exe -intstyle ise -v 3 -s 2I
-n 3 -fastpaths -xml AirConditioning.twx AirConditioning.ncd -o
AirConditioning.twr AirConditioning.pcf

Design file:              AirConditioning.ncd
Physical constraint file: AirConditioning.pcf
Device,package,speed:     xa7a100t,csg324,I,-2I (PRELIMINARY 1.07 2013-10-13)
Report level:             verbose report

Environment Variable      Effect 
--------------------      ------ 
NONE                      No environment variables were set
--------------------------------------------------------------------------------

INFO:Timing:2698 - No timing constraints found, doing default enumeration.
INFO:Timing:3412 - To improve timing, see the Timing Closure User Guide (UG612).
INFO:Timing:2752 - To get complete path coverage, use the unconstrained paths 
   option. All paths that are not constrained will be reported in the 
   unconstrained paths section(s) of the report.
INFO:Timing:3339 - The clock-to-out numbers in this timing report are based on 
   a 50 Ohm transmission line loading model.  For the details of this model, 
   and for more information on accounting for different loading conditions, 
   please see the device datasheet.



Data Sheet report:
-----------------
All values displayed in nanoseconds (ns)

Setup/Hold to clock clk
------------+------------+------------+------------+------------+------------------+--------+
            |Max Setup to|  Process   |Max Hold to |  Process   |                  | Clock  |
Source      | clk (edge) |   Corner   | clk (edge) |   Corner   |Internal Clock(s) | Phase  |
------------+------------+------------+------------+------------+------------------+--------+
ideal<0>    |    2.151(R)|      SLOW  |    0.875(R)|      SLOW  |clk_BUFGP         |   0.000|
ideal<1>    |    2.053(R)|      SLOW  |    0.951(R)|      SLOW  |clk_BUFGP         |   0.000|
ideal<2>    |    1.839(R)|      SLOW  |    1.126(R)|      SLOW  |clk_BUFGP         |   0.000|
ideal<3>    |    1.575(R)|      SLOW  |    1.523(R)|      SLOW  |clk_BUFGP         |   0.000|
ideal<4>    |    1.859(R)|      SLOW  |    1.592(R)|      SLOW  |clk_BUFGP         |   0.000|
ideal<5>    |    2.044(R)|      SLOW  |    1.958(R)|      SLOW  |clk_BUFGP         |   0.000|
temp<0>     |    2.289(R)|      SLOW  |    1.469(R)|      SLOW  |clk_BUFGP         |   0.000|
temp<1>     |    2.106(R)|      SLOW  |    1.669(R)|      SLOW  |clk_BUFGP         |   0.000|
temp<2>     |    1.843(R)|      SLOW  |    1.762(R)|      SLOW  |clk_BUFGP         |   0.000|
temp<3>     |    1.925(R)|      SLOW  |    1.838(R)|      SLOW  |clk_BUFGP         |   0.000|
temp<4>     |    2.151(R)|      SLOW  |    1.341(R)|      SLOW  |clk_BUFGP         |   0.000|
temp<5>     |    1.464(R)|      SLOW  |    1.693(R)|      SLOW  |clk_BUFGP         |   0.000|
------------+------------+------------+------------+------------+------------------+--------+

Clock clk to Pad
------------+-----------------+------------+-----------------+------------+------------------+--------+
            |Max (slowest) clk|  Process   |Min (fastest) clk|  Process   |                  | Clock  |
Destination |  (edge) to PAD  |   Corner   |  (edge) to PAD  |   Corner   |Internal Clock(s) | Phase  |
------------+-----------------+------------+-----------------+------------+------------------+--------+
out_temp<0> |         6.961(R)|      SLOW  |         2.794(R)|      FAST  |clk_BUFGP         |   0.000|
out_temp<1> |         6.964(R)|      SLOW  |         2.799(R)|      FAST  |clk_BUFGP         |   0.000|
out_temp<2> |         6.962(R)|      SLOW  |         2.796(R)|      FAST  |clk_BUFGP         |   0.000|
out_temp<3> |         6.982(R)|      SLOW  |         2.816(R)|      FAST  |clk_BUFGP         |   0.000|
out_temp<4> |         6.983(R)|      SLOW  |         2.817(R)|      FAST  |clk_BUFGP         |   0.000|
out_temp<5> |         6.982(R)|      SLOW  |         2.817(R)|      FAST  |clk_BUFGP         |   0.000|
------------+-----------------+------------+-----------------+------------+------------------+--------+


Analysis completed Mon Feb 01 14:03:19 2021 
--------------------------------------------------------------------------------

Trace Settings:
-------------------------
Trace Settings 

Peak Memory Usage: 4950 MB



